---
source: src/nodes/expressions/mod.rs
expression: result
---
Number(
    Decimal(
        DecimalNumber {
            float: 1.0,
            exponent: Some(
                (
                    42,
                    true,
                ),
            ),
            token: None,
        },
    ),
)
