---
source: src/nodes/expressions/mod.rs
expression: result
---
Number(
    Decimal(
        DecimalNumber {
            float: 1.2345e50,
            exponent: Some(
                (
                    46,
                    true,
                ),
            ),
            token: None,
        },
    ),
)
