---
source: src/nodes/expressions/mod.rs
expression: result
---
Number(
    Decimal(
        DecimalNumber {
            float: 1.8446744073709552e19,
            exponent: Some(
                (
                    3,
                    true,
                ),
            ),
            token: None,
        },
    ),
)
