---
source: src/nodes/expressions/mod.rs
expression: "Expression::from(0.0 / 0.0)"
---
Binary(
    BinaryExpression {
        operator: Slash,
        left: Number(
            Decimal(
                DecimalNumber {
                    float: 0.0,
                    exponent: None,
                },
            ),
        ),
        right: Number(
            Decimal(
                DecimalNumber {
                    float: 0.0,
                    exponent: None,
                },
            ),
        ),
    },
)
