---
source: src/nodes/expressions/mod.rs
expression: "Expression::from(1.2345e50)"
---
Number(
    Decimal(
        DecimalNumber {
            float: 12345.0,
            exponent: Some(
                (
                    46,
                    true,
                ),
            ),
        },
    ),
)
