---
source: tests/bundle.rs
expression: "error_display.join(\"\\n\")"
---
error processing `src/main.lua` (bundler):
unable to parse `src/value.lua`: error occurred while creating ast: unexpected token ``. (starting from line 1, character 10 and ending on line 1, character 10)
additional information: unexpected expression when looking for a statement
