---
source: tests/cli.rs
expression: content
---
darklua-minify 0.8.0
Minify lua files without applying any transformation

USAGE:
    darklua minify [FLAGS] [OPTIONS] <input-path> <output-path>

FLAGS:
    -h, --help       Prints help information
    -V, --version    Prints version information
    -v, --verbose    Sets verbosity level (can be specified multiple times)

OPTIONS:
        --column-span <column-span>    The maximum number of characters that should be written on a line

ARGS:
    <input-path>     Path to the lua file to minify
    <output-path>    Where to output the result

